Admin@smruti MINGW64 ~/Desktop/GitHub-Tutorial (master)
$ git status
On branch master
Untracked files:
  (use "git add <file>..." to include in what will be committed)
        ../(1) Discord   #project-showcase   AppBrewery Python.lnk
        ../CapCut.lnk
        ../GitHub Desktop.lnk
        ../Zoom.lnk
        ../desktop.ini
        ../index.html.txt

nothing added to commit but untracked files present (use "git add" to track)

Admin@smruti MINGW64 ~/Desktop/GitHub-Tutorial (master)
$ git init
Initialized empty Git repository in C:/Users/Admin/Desktop/GitHub-Tutorial/.git/

Admin@smruti MINGW64 ~/Desktop/GitHub-Tutorial (master)
$ git status
On branch master

No commits yet

nothing to commit (create/copy files and use "git add" to track)

Admin@smruti MINGW64 ~/Desktop/GitHub-Tutorial (master)
$ rm -rf .git

Admin@smruti MINGW64 ~/Desktop/GitHub-Tutorial (master)
$ git status
On branch master
Untracked files:
  (use "git add <file>..." to include in what will be committed)
        ../(1) Discord   #project-showcase   AppBrewery Python.lnk
        ../CapCut.lnk
        ../GitHub Desktop.lnk
        ../Zoom.lnk
        ../desktop.ini
        ../index.html.txt

nothing added to commit but untracked files present (use "git add" to track)

Admin@smruti MINGW64 ~/Desktop/GitHub-Tutorial (master)
$ git init -b main
Initialized empty Git repository in C:/Users/Admin/Desktop/GitHub-Tutorial/.git/

Admin@smruti MINGW64 ~/Desktop/GitHub-Tutorial (main)
$ git status
On branch main

No commits yet

nothing to commit (create/copy files and use "git add" to track)

Admin@smruti MINGW64 ~/Desktop/GitHub-Tutorial (main)
$ git status
On branch main

No commits yet

Untracked files:
  (use "git add <file>..." to include in what will be committed)
        File1.txt

nothing added to commit but untracked files present (use "git add" to track)

Admin@smruti MINGW64 ~/Desktop/GitHub-Tutorial (main)
$ git add File1.txt

Admin@smruti MINGW64 ~/Desktop/GitHub-Tutorial (main)
$ git status
On branch main

No commits yet

Changes to be committed:
  (use "git rm --cached <file>..." to unstage)
        new file:   File1.txt


Admin@smruti MINGW64 ~/Desktop/GitHub-Tutorial (main)
$ git commit -m "My First Commit-File1.txt"
[main (root-commit) 9303be6] My First Commit-File1.txt
 1 file changed, 1 insertion(+)
 create mode 100644 File1.txt

Admin@smruti MINGW64 ~/Desktop/GitHub-Tutorial (main)
$ git status
On branch main
nothing to commit, working tree clean

Admin@smruti MINGW64 ~/Desktop/GitHub-Tutorial (main)
$ git log
commit 9303be64f4f73c26699791c5c8fe939d3576937d (HEAD -> main)
Author: smrutii04 <smrutibhuyan911@gmail.com>
Date:   Mon Oct 7 21:02:25 2024 +0530

    My First Commit-File1.txt

Admin@smruti MINGW64 ~/Desktop/GitHub-Tutorial (main)
$ vim File1.txt

Admin@smruti MINGW64 ~/Desktop/GitHub-Tutorial (main)
$ git status
On branch main
Changes not staged for commit:
  (use "git add <file>..." to update what will be committed)
  (use "git restore <file>..." to discard changes in working directory)
        modified:   File1.txt

no changes added to commit (use "git add" and/or "git commit -a")

Admin@smruti MINGW64 ~/Desktop/GitHub-Tutorial (main)
$ git add File1.txt
warning: in the working copy of 'File1.txt', LF will be replaced by CRLF the next time Git touches it

Admin@smruti MINGW64 ~/Desktop/GitHub-Tutorial (main)
$ git commit -m "The 2nd commit-File1.txt"
[main 3ccce3c] The 2nd commit-File1.txt
 1 file changed, 1 insertion(+), 1 deletion(-)

Admin@smruti MINGW64 ~/Desktop/GitHub-Tutorial (main)
$ git status
On branch main
nothing to commit, working tree clean

Admin@smruti MINGW64 ~/Desktop/GitHub-Tutorial (main)
$ git log
commit 3ccce3c28ce8f613cdbff862484d9a4e9247258c (HEAD -> main)
Author: smrutii04 <smrutibhuyan911@gmail.com>
Date:   Mon Oct 7 21:09:10 2024 +0530

    The 2nd commit-File1.txt

commit 9303be64f4f73c26699791c5c8fe939d3576937d
Author: smrutii04 <smrutibhuyan911@gmail.com>
Date:   Mon Oct 7 21:02:25 2024 +0530

    My First Commit-File1.txt

Admin@smruti MINGW64 ~/Desktop/GitHub-Tutorial (main)
$ vim File1.txt

Admin@smruti MINGW64 ~/Desktop/GitHub-Tutorial (main)
$ git commit -a -m "My 3rd commit"
warning: in the working copy of 'File1.txt', LF will be replaced by CRLF the next time Git touches it
[main 32a5ce9] My 3rd commit
 1 file changed, 1 insertion(+), 1 deletion(-)

Admin@smruti MINGW64 ~/Desktop/GitHub-Tutorial (main)
$ git log
commit 32a5ce9f7a37e76638f7bf7991c1f8f1adf745fd (HEAD -> main)
Author: smrutii04 <smrutibhuyan911@gmail.com>
Date:   Mon Oct 7 22:35:49 2024 +0530

    My 3rd commit

commit 3ccce3c28ce8f613cdbff862484d9a4e9247258c
Author: smrutii04 <smrutibhuyan911@gmail.com>
Date:   Mon Oct 7 21:09:10 2024 +0530

    The 2nd commit-File1.txt

commit 9303be64f4f73c26699791c5c8fe939d3576937d
Author: smrutii04 <smrutibhuyan911@gmail.com>
Date:   Mon Oct 7 21:02:25 2024 +0530

    My First Commit-File1.txt

Admin@smruti MINGW64 ~/Desktop/GitHub-Tutorial (main)
$ git diff

Admin@smruti MINGW64 ~/Desktop/GitHub-Tutorial (main)
$ git diff

Admin@smruti MINGW64 ~/Desktop/GitHub-Tutorial (main)
$ git status
On branch main
nothing to commit, working tree clean

Admin@smruti MINGW64 ~/Desktop/GitHub-Tutorial (main)
$ git diff

Admin@smruti MINGW64 ~/Desktop/GitHub-Tutorial (main)
$ git diff --staged

Admin@smruti MINGW64 ~/Desktop/GitHub-Tutorial (main)
$ git diff First1.txt
fatal: ambiguous argument 'First1.txt': unknown revision or path not in the working tree.
Use '--' to separate paths from revisions, like this:
'git <command> [<revision>...] -- [<file>...]'

Admin@smruti MINGW64 ~/Desktop/GitHub-Tutorial (main)
$ git diff --First1.txt
error: invalid option: --First1.txt
usage: git diff [<options>] [<commit>] [--] [<path>...]
   or: git diff [<options>] --cached [--merge-base] [<commit>] [--] [<path>...]
   or: git diff [<options>] [--merge-base] <commit> [<commit>...] <commit> [--] [<path>...]
   or: git diff [<options>] <commit>...<commit> [--] [<path>...]
   or: git diff [<options>] <blob> <blob>
   or: git diff [<options>] --no-index [--] <path> <path>

common diff options:
  -z            output diff-raw with lines terminated with NUL.
  -p            output patch format.
  -u            synonym for -p.
  --patch-with-raw
                output both a patch and the diff-raw format.
  --stat        show diffstat instead of patch.
  --numstat     show numeric diffstat instead of patch.
  --patch-with-stat
                output a patch and prepend its diffstat.
  --name-only   show only names of changed files.
  --name-status show names and status of changed files.
  --full-index  show full object name on index lines.
  --abbrev=<n>  abbreviate object names in diff-tree header and diff-raw.
  -R            swap input file pairs.
  -B            detect complete rewrites.
  -M            detect renames.
  -C            detect copies.
  --find-copies-harder
                try unchanged files as candidate for copy detection.
  -l<n>         limit rename attempts up to <n> paths.
  -O<file>      reorder diffs according to the <file>.
  -S<string>    find filepair whose only one side contains the string.
  --pickaxe-all
                show all files diff when -S is used and hit is found.
  -a  --text    treat all files as text.


Admin@smruti MINGW64 ~/Desktop/GitHub-Tutorial (main)
$ git -b diff First1.txt
unknown option: -b
usage: git [-v | --version] [-h | --help] [-C <path>] [-c <name>=<value>]
           [--exec-path[=<path>]] [--html-path] [--man-path] [--info-path]
           [-p | --paginate | -P | --no-pager] [--no-replace-objects] [--no-lazy-fetch]
           [--no-optional-locks] [--no-advice] [--bare] [--git-dir=<path>]
           [--work-tree=<path>] [--namespace=<name>] [--config-env=<name>=<envvar>]
           <command> [<args>]

Admin@smruti MINGW64 ~/Desktop/GitHub-Tutorial (main)
$ git -B diff First1.txt
unknown option: -B
usage: git [-v | --version] [-h | --help] [-C <path>] [-c <name>=<value>]
           [--exec-path[=<path>]] [--html-path] [--man-path] [--info-path]
           [-p | --paginate | -P | --no-pager] [--no-replace-objects] [--no-lazy-fetch]
           [--no-optional-locks] [--no-advice] [--bare] [--git-dir=<path>]
           [--work-tree=<path>] [--namespace=<name>] [--config-env=<name>=<envvar>]
           <command> [<args>]

Admin@smruti MINGW64 ~/Desktop/GitHub-Tutorial (main)
$ git -B diff
unknown option: -B
usage: git [-v | --version] [-h | --help] [-C <path>] [-c <name>=<value>]
           [--exec-path[=<path>]] [--html-path] [--man-path] [--info-path]
           [-p | --paginate | -P | --no-pager] [--no-replace-objects] [--no-lazy-fetch]
           [--no-optional-locks] [--no-advice] [--bare] [--git-dir=<path>]
           [--work-tree=<path>] [--namespace=<name>] [--config-env=<name>=<envvar>]
           <command> [<args>]

Admin@smruti MINGW64 ~/Desktop/GitHub-Tutorial (main)
$ git diff

Admin@smruti MINGW64 ~/Desktop/GitHub-Tutorial (main)
$ git add .

Admin@smruti MINGW64 ~/Desktop/GitHub-Tutorial (main)
$ git commit -m "all files committed"
[main 3abb232] all files committed
 1 file changed, 1 insertion(+)
 create mode 100644 Readme.txt

Admin@smruti MINGW64 ~/Desktop/GitHub-Tutorial (main)
$ git status
On branch main
nothing to commit, working tree clean

Admin@smruti MINGW64 ~/Desktop/GitHub-Tutorial (main)
$ git log
commit 3abb2328d863fe33774da411541cf531c68d0ad6 (HEAD -> main)
Author: smrutii04 <smrutibhuyan911@gmail.com>
Date:   Mon Oct 7 22:45:03 2024 +0530

    all files committed

commit 32a5ce9f7a37e76638f7bf7991c1f8f1adf745fd
Author: smrutii04 <smrutibhuyan911@gmail.com>
Date:   Mon Oct 7 22:35:49 2024 +0530

    My 3rd commit

commit 3ccce3c28ce8f613cdbff862484d9a4e9247258c
Author: smrutii04 <smrutibhuyan911@gmail.com>
Date:   Mon Oct 7 21:09:10 2024 +0530

    The 2nd commit-File1.txt

commit 9303be64f4f73c26699791c5c8fe939d3576937d
Author: smrutii04 <smrutibhuyan911@gmail.com>
Date:   Mon Oct 7 21:02:25 2024 +0530

    My First Commit-File1.txt

Admin@smruti MINGW64 ~/Desktop/GitHub-Tutorial (main)
$ git rm --cached Readme.txt
rm 'Readme.txt'

Admin@smruti MINGW64 ~/Desktop/GitHub-Tutorial (main)
$ git log
commit 3abb2328d863fe33774da411541cf531c68d0ad6 (HEAD -> main)
Author: smrutii04 <smrutibhuyan911@gmail.com>
Date:   Mon Oct 7 22:45:03 2024 +0530

    all files committed

commit 32a5ce9f7a37e76638f7bf7991c1f8f1adf745fd
Author: smrutii04 <smrutibhuyan911@gmail.com>
Date:   Mon Oct 7 22:35:49 2024 +0530

    My 3rd commit

commit 3ccce3c28ce8f613cdbff862484d9a4e9247258c
Author: smrutii04 <smrutibhuyan911@gmail.com>
Date:   Mon Oct 7 21:09:10 2024 +0530

    The 2nd commit-File1.txt

commit 9303be64f4f73c26699791c5c8fe939d3576937d
Author: smrutii04 <smrutibhuyan911@gmail.com>
Date:   Mon Oct 7 21:02:25 2024 +0530

    My First Commit-File1.txt

Admin@smruti MINGW64 ~/Desktop/GitHub-Tutorial (main)
$ git commit -m "Removed unwanted files"
[main 0c6a52e] Removed unwanted files
 1 file changed, 1 deletion(-)
 delete mode 100644 Readme.txt

Admin@smruti MINGW64 ~/Desktop/GitHub-Tutorial (main)
$ git log
commit 0c6a52e194e66298818d0f46ea005cfcfe0de9ef (HEAD -> main)
Author: smrutii04 <smrutibhuyan911@gmail.com>
Date:   Mon Oct 7 22:47:56 2024 +0530

    Removed unwanted files

commit 3abb2328d863fe33774da411541cf531c68d0ad6
Author: smrutii04 <smrutibhuyan911@gmail.com>
Date:   Mon Oct 7 22:45:03 2024 +0530

    all files committed

commit 32a5ce9f7a37e76638f7bf7991c1f8f1adf745fd
Author: smrutii04 <smrutibhuyan911@gmail.com>
Date:   Mon Oct 7 22:35:49 2024 +0530

    My 3rd commit

commit 3ccce3c28ce8f613cdbff862484d9a4e9247258c
Author: smrutii04 <smrutibhuyan911@gmail.com>
Date:   Mon Oct 7 21:09:10 2024 +0530

    The 2nd commit-File1.txt

commit 9303be64f4f73c26699791c5c8fe939d3576937d
Author: smrutii04 <smrutibhuyan911@gmail.com>
Date:   Mon Oct 7 21:02:25 2024 +0530

    My First Commit-File1.txt

Admin@smruti MINGW64 ~/Desktop/GitHub-Tutorial (main)
$ ^C

Admin@smruti MINGW64 ~/Desktop/GitHub-Tutorial (main)
$
