Admin@smruti MINGW64 ~/Desktop/GitHub-Tutorial (master)
$ git status
On branch master
Untracked files:
  (use "git add <file>..." to include in what will be committed)
        ../(1) Discord   #project-showcase   AppBrewery Python.lnk
        ../CapCut.lnk
        ../GitHub Desktop.lnk
        ../Zoom.lnk
        ../desktop.ini
        ../index.html.txt

nothing added to commit but untracked files present (use "git add" to track)

Admin@smruti MINGW64 ~/Desktop/GitHub-Tutorial (master)
$ git init
Initialized empty Git repository in C:/Users/Admin/Desktop/GitHub-Tutorial/.git/

Admin@smruti MINGW64 ~/Desktop/GitHub-Tutorial (master)
$ git status
On branch master

No commits yet

nothing to commit (create/copy files and use "git add" to track)

Admin@smruti MINGW64 ~/Desktop/GitHub-Tutorial (master)
$ rm -rf .git

Admin@smruti MINGW64 ~/Desktop/GitHub-Tutorial (master)
$ git status
On branch master
Untracked files:
  (use "git add <file>..." to include in what will be committed)
        ../(1) Discord   #project-showcase   AppBrewery Python.lnk
        ../CapCut.lnk
        ../GitHub Desktop.lnk
        ../Zoom.lnk
        ../desktop.ini
        ../index.html.txt

nothing added to commit but untracked files present (use "git add" to track)

Admin@smruti MINGW64 ~/Desktop/GitHub-Tutorial (master)
$ git init -b main
Initialized empty Git repository in C:/Users/Admin/Desktop/GitHub-Tutorial/.git/

Admin@smruti MINGW64 ~/Desktop/GitHub-Tutorial (main)
$ git status
On branch main

No commits yet

nothing to commit (create/copy files and use "git add" to track)

Admin@smruti MINGW64 ~/Desktop/GitHub-Tutorial (main)
$ git status
On branch main

No commits yet

Untracked files:
  (use "git add <file>..." to include in what will be committed)
        File1.txt

nothing added to commit but untracked files present (use "git add" to track)

Admin@smruti MINGW64 ~/Desktop/GitHub-Tutorial (main)
$ git add File1.txt

Admin@smruti MINGW64 ~/Desktop/GitHub-Tutorial (main)
$ git status
On branch main

No commits yet

Changes to be committed:
  (use "git rm --cached <file>..." to unstage)
        new file:   File1.txt


Admin@smruti MINGW64 ~/Desktop/GitHub-Tutorial (main)
$ git commit -m "My First Commit-File1.txt"
[main (root-commit) 9303be6] My First Commit-File1.txt
 1 file changed, 1 insertion(+)
 create mode 100644 File1.txt

Admin@smruti MINGW64 ~/Desktop/GitHub-Tutorial (main)
$ git status
On branch main
nothing to commit, working tree clean

Admin@smruti MINGW64 ~/Desktop/GitHub-Tutorial (main)
$ git log
commit 9303be64f4f73c26699791c5c8fe939d3576937d (HEAD -> main)
Author: smrutii04 <smrutibhuyan911@gmail.com>
Date:   Mon Oct 7 21:02:25 2024 +0530

    My First Commit-File1.txt

Admin@smruti MINGW64 ~/Desktop/GitHub-Tutorial (main)
$ vim File1.txt

Admin@smruti MINGW64 ~/Desktop/GitHub-Tutorial (main)
$ git status
On branch main
Changes not staged for commit:
  (use "git add <file>..." to update what will be committed)
  (use "git restore <file>..." to discard changes in working directory)
        modified:   File1.txt

no changes added to commit (use "git add" and/or "git commit -a")

Admin@smruti MINGW64 ~/Desktop/GitHub-Tutorial (main)
$ git add File1.txt
warning: in the working copy of 'File1.txt', LF will be replaced by CRLF the next time Git touches it

Admin@smruti MINGW64 ~/Desktop/GitHub-Tutorial (main)
$ git commit -m "The 2nd commit-File1.txt"
[main 3ccce3c] The 2nd commit-File1.txt
 1 file changed, 1 insertion(+), 1 deletion(-)

Admin@smruti MINGW64 ~/Desktop/GitHub-Tutorial (main)
$ git status
On branch main
nothing to commit, working tree clean

Admin@smruti MINGW64 ~/Desktop/GitHub-Tutorial (main)
$ git log
commit 3ccce3c28ce8f613cdbff862484d9a4e9247258c (HEAD -> main)
Author: smrutii04 <smrutibhuyan911@gmail.com>
Date:   Mon Oct 7 21:09:10 2024 +0530

    The 2nd commit-File1.txt

commit 9303be64f4f73c26699791c5c8fe939d3576937d
Author: smrutii04 <smrutibhuyan911@gmail.com>
Date:   Mon Oct 7 21:02:25 2024 +0530

    My First Commit-File1.txt

Admin@smruti MINGW64 ~/Desktop/GitHub-Tutorial (main)
$ vim File1.txt

Admin@smruti MINGW64 ~/Desktop/GitHub-Tutorial (main)
$ git commit -a -m "My 3rd commit"
warning: in the working copy of 'File1.txt', LF will be replaced by CRLF the next time Git touches it
[main 32a5ce9] My 3rd commit
 1 file changed, 1 insertion(+), 1 deletion(-)

Admin@smruti MINGW64 ~/Desktop/GitHub-Tutorial (main)
$ git log
commit 32a5ce9f7a37e76638f7bf7991c1f8f1adf745fd (HEAD -> main)
Author: smrutii04 <smrutibhuyan911@gmail.com>
Date:   Mon Oct 7 22:35:49 2024 +0530

    My 3rd commit

commit 3ccce3c28ce8f613cdbff862484d9a4e9247258c
Author: smrutii04 <smrutibhuyan911@gmail.com>
Date:   Mon Oct 7 21:09:10 2024 +0530

    The 2nd commit-File1.txt

commit 9303be64f4f73c26699791c5c8fe939d3576937d
Author: smrutii04 <smrutibhuyan911@gmail.com>
Date:   Mon Oct 7 21:02:25 2024 +0530

    My First Commit-File1.txt

Admin@smruti MINGW64 ~/Desktop/GitHub-Tutorial (main)
$ git diff

Admin@smruti MINGW64 ~/Desktop/GitHub-Tutorial (main)
$ git diff

Admin@smruti MINGW64 ~/Desktop/GitHub-Tutorial (main)
$ git status
On branch main
nothing to commit, working tree clean

Admin@smruti MINGW64 ~/Desktop/GitHub-Tutorial (main)
$ git diff

Admin@smruti MINGW64 ~/Desktop/GitHub-Tutorial (main)
$ git diff --staged

Admin@smruti MINGW64 ~/Desktop/GitHub-Tutorial (main)
$ git diff First1.txt
fatal: ambiguous argument 'First1.txt': unknown revision or path not in the working tree.
Use '--' to separate paths from revisions, like this:
'git <command> [<revision>...] -- [<file>...]'

Admin@smruti MINGW64 ~/Desktop/GitHub-Tutorial (main)
$ git diff --First1.txt
error: invalid option: --First1.txt
usage: git diff [<options>] [<commit>] [--] [<path>...]
   or: git diff [<options>] --cached [--merge-base] [<commit>] [--] [<path>...]
   or: git diff [<options>] [--merge-base] <commit> [<commit>...] <commit> [--] [<path>...]
   or: git diff [<options>] <commit>...<commit> [--] [<path>...]
   or: git diff [<options>] <blob> <blob>
   or: git diff [<options>] --no-index [--] <path> <path>

common diff options:
  -z            output diff-raw with lines terminated with NUL.
  -p            output patch format.
  -u            synonym for -p.
  --patch-with-raw
                output both a patch and the diff-raw format.
  --stat        show diffstat instead of patch.
  --numstat     show numeric diffstat instead of patch.
  --patch-with-stat
                output a patch and prepend its diffstat.
  --name-only   show only names of changed files.
  --name-status show names and status of changed files.
  --full-index  show full object name on index lines.
  --abbrev=<n>  abbreviate object names in diff-tree header and diff-raw.
  -R            swap input file pairs.
  -B            detect complete rewrites.
  -M            detect renames.
  -C            detect copies.
  --find-copies-harder
                try unchanged files as candidate for copy detection.
  -l<n>         limit rename attempts up to <n> paths.
  -O<file>      reorder diffs according to the <file>.
  -S<string>    find filepair whose only one side contains the string.
  --pickaxe-all
                show all files diff when -S is used and hit is found.
  -a  --text    treat all files as text.


Admin@smruti MINGW64 ~/Desktop/GitHub-Tutorial (main)
$ git -b diff First1.txt
unknown option: -b
usage: git [-v | --version] [-h | --help] [-C <path>] [-c <name>=<value>]
           [--exec-path[=<path>]] [--html-path] [--man-path] [--info-path]
           [-p | --paginate | -P | --no-pager] [--no-replace-objects] [--no-lazy-fetch]
           [--no-optional-locks] [--no-advice] [--bare] [--git-dir=<path>]
           [--work-tree=<path>] [--namespace=<name>] [--config-env=<name>=<envvar>]
           <command> [<args>]

Admin@smruti MINGW64 ~/Desktop/GitHub-Tutorial (main)
$ git -B diff First1.txt
unknown option: -B
usage: git [-v | --version] [-h | --help] [-C <path>] [-c <name>=<value>]
           [--exec-path[=<path>]] [--html-path] [--man-path] [--info-path]
           [-p | --paginate | -P | --no-pager] [--no-replace-objects] [--no-lazy-fetch]
           [--no-optional-locks] [--no-advice] [--bare] [--git-dir=<path>]
           [--work-tree=<path>] [--namespace=<name>] [--config-env=<name>=<envvar>]
           <command> [<args>]

Admin@smruti MINGW64 ~/Desktop/GitHub-Tutorial (main)
$ git -B diff
unknown option: -B
usage: git [-v | --version] [-h | --help] [-C <path>] [-c <name>=<value>]
           [--exec-path[=<path>]] [--html-path] [--man-path] [--info-path]
           [-p | --paginate | -P | --no-pager] [--no-replace-objects] [--no-lazy-fetch]
           [--no-optional-locks] [--no-advice] [--bare] [--git-dir=<path>]
           [--work-tree=<path>] [--namespace=<name>] [--config-env=<name>=<envvar>]
           <command> [<args>]

Admin@smruti MINGW64 ~/Desktop/GitHub-Tutorial (main)
$ git diff

Admin@smruti MINGW64 ~/Desktop/GitHub-Tutorial (main)
$ git add .

Admin@smruti MINGW64 ~/Desktop/GitHub-Tutorial (main)
$ git commit -m "all files committed"
[main 3abb232] all files committed
 1 file changed, 1 insertion(+)
 create mode 100644 Readme.txt

Admin@smruti MINGW64 ~/Desktop/GitHub-Tutorial (main)
$ git status
On branch main
nothing to commit, working tree clean

Admin@smruti MINGW64 ~/Desktop/GitHub-Tutorial (main)
$ git log
commit 3abb2328d863fe33774da411541cf531c68d0ad6 (HEAD -> main)
Author: smrutii04 <smrutibhuyan911@gmail.com>
Date:   Mon Oct 7 22:45:03 2024 +0530

    all files committed

commit 32a5ce9f7a37e76638f7bf7991c1f8f1adf745fd
Author: smrutii04 <smrutibhuyan911@gmail.com>
Date:   Mon Oct 7 22:35:49 2024 +0530

    My 3rd commit

commit 3ccce3c28ce8f613cdbff862484d9a4e9247258c
Author: smrutii04 <smrutibhuyan911@gmail.com>
Date:   Mon Oct 7 21:09:10 2024 +0530

    The 2nd commit-File1.txt

commit 9303be64f4f73c26699791c5c8fe939d3576937d
Author: smrutii04 <smrutibhuyan911@gmail.com>
Date:   Mon Oct 7 21:02:25 2024 +0530

    My First Commit-File1.txt

Admin@smruti MINGW64 ~/Desktop/GitHub-Tutorial (main)
$ git rm --cached Readme.txt
rm 'Readme.txt'

Admin@smruti MINGW64 ~/Desktop/GitHub-Tutorial (main)
$ git log
commit 3abb2328d863fe33774da411541cf531c68d0ad6 (HEAD -> main)
Author: smrutii04 <smrutibhuyan911@gmail.com>
Date:   Mon Oct 7 22:45:03 2024 +0530

    all files committed

commit 32a5ce9f7a37e76638f7bf7991c1f8f1adf745fd
Author: smrutii04 <smrutibhuyan911@gmail.com>
Date:   Mon Oct 7 22:35:49 2024 +0530

    My 3rd commit

commit 3ccce3c28ce8f613cdbff862484d9a4e9247258c
Author: smrutii04 <smrutibhuyan911@gmail.com>
Date:   Mon Oct 7 21:09:10 2024 +0530

    The 2nd commit-File1.txt

commit 9303be64f4f73c26699791c5c8fe939d3576937d
Author: smrutii04 <smrutibhuyan911@gmail.com>
Date:   Mon Oct 7 21:02:25 2024 +0530

    My First Commit-File1.txt

Admin@smruti MINGW64 ~/Desktop/GitHub-Tutorial (main)
$ git commit -m "Removed unwanted files"
[main 0c6a52e] Removed unwanted files
 1 file changed, 1 deletion(-)
 delete mode 100644 Readme.txt

Admin@smruti MINGW64 ~/Desktop/GitHub-Tutorial (main)
$ git log
commit 0c6a52e194e66298818d0f46ea005cfcfe0de9ef (HEAD -> main)
Author: smrutii04 <smrutibhuyan911@gmail.com>
Date:   Mon Oct 7 22:47:56 2024 +0530

    Removed unwanted files

commit 3abb2328d863fe33774da411541cf531c68d0ad6
Author: smrutii04 <smrutibhuyan911@gmail.com>
Date:   Mon Oct 7 22:45:03 2024 +0530

    all files committed

commit 32a5ce9f7a37e76638f7bf7991c1f8f1adf745fd
Author: smrutii04 <smrutibhuyan911@gmail.com>
Date:   Mon Oct 7 22:35:49 2024 +0530

    My 3rd commit

commit 3ccce3c28ce8f613cdbff862484d9a4e9247258c
Author: smrutii04 <smrutibhuyan911@gmail.com>
Date:   Mon Oct 7 21:09:10 2024 +0530

    The 2nd commit-File1.txt

commit 9303be64f4f73c26699791c5c8fe939d3576937d
Author: smrutii04 <smrutibhuyan911@gmail.com>
Date:   Mon Oct 7 21:02:25 2024 +0530

    My First Commit-File1.txt
Admin@smruti MINGW64 ~/git-course (main)
$ ls -a
./  ../  .git/  README.md

Admin@smruti MINGW64 ~/git-course (main)
$ cd ..

Admin@smruti MINGW64 ~ (master)
$ ls -a
 ./              .viminfo             Documents/         NTUSER.DAT                                                                                     PrintHood@      Videos/
 ../            '3D Objects'/         Downloads/         NTUSER.DAT{53b39e88-18c4-11ea-a811-000d3aa4692b}.TM.blf                                        Recent@         git-course/
 .bash_history   AppData/             Favorites/         NTUSER.DAT{53b39e88-18c4-11ea-a811-000d3aa4692b}.TMContainer00000000000000000001.regtrans-ms  'Saved Games'/   ntuser.dat.LOG1
 .git/          'Application Data'@   Links/             NTUSER.DAT{53b39e88-18c4-11ea-a811-000d3aa4692b}.TMContainer00000000000000000002.regtrans-ms   Searches/       ntuser.dat.LOG2
 .gitconfig      Contacts/           'Local Settings'@   NetHood@                                                                                       SendTo@         ntuser.ini
 .lesshst        Cookies@             Music/             OneDrive/                                                                                     'Start Menu'@
 .ssh/           Desktop/            'My Documents'@     Pictures/                                                                                      Templates@

Admin@smruti MINGW64 ~ (master)
$ cd .ssh

Admin@smruti MINGW64 ~/.ssh (master)
$ ls -a
./  ../  id_ed25519  id_ed25519.pub

Admin@smruti MINGW64 ~/.ssh (master)
$ cat id_ed25519.pub
ssh-ed25519 AAAAC3NzaC1lZDI1NTE5AAAAIBEt+NCU3aOpzOPmYOg2R7lJha9kF7CGMGgdoiK/HlSe Admin@smruti

Admin@smruti MINGW64 ~/.ssh (master)
$ ^C

Admin@smruti MINGW64 ~/.ssh (master)
$ cd ..

Admin@smruti MINGW64 ~ (master)
$ cd git-course

Admin@smruti MINGW64 ~/git-course (main)
$ git remote add origin git@github.com:smrutii04/git-course.git

Admin@smruti MINGW64 ~/git-course (main)
$ git push -u origin main
The authenticity of host 'github.com (64:ff9b::14cf:4952)' can't be established.
ED25519 key fingerprint is SHA256:+DiY3wvvV6TuJJhbpZisF/zLDA0zPMSvHdkr4UvCOqU.
This key is not known by any other names.
Are you sure you want to continue connecting (yes/no/[fingerprint])? yes
Warning: Permanently added 'github.com' (ED25519) to the list of known hosts.
Enumerating objects: 3, done.
Counting objects: 100% (3/3), done.
Writing objects: 100% (3/3), 231 bytes | 231.00 KiB/s, done.
Total 3 (delta 0), reused 0 (delta 0), pack-reused 0 (from 0)
To github.com:smrutii04/git-course.git
 * [new branch]      main -> main
branch 'main' set up to track 'origin/main'.

Admin@smruti MINGW64 ~/git-course (main)
$ pwd
/c/Users/Admin/git-course

Admin@smruti MINGW64 ~/git-course (main)
$ git remote -v
origin  git@github.com:smrutii04/git-course.git (fetch)
origin  git@github.com:smrutii04/git-course.git (push)

Admin@smruti MINGW64 ~/git-course (main)
$ git tag

Admin@smruti MINGW64 ~/git-course (main)
$ git tag -a v1.0 -m "1st release"

Admin@smruti MINGW64 ~/git-course (main)
$ git tag
v1.0

Admin@smruti MINGW64 ~/git-course (main)
$ git show v1.0
tag v1.0
Tagger: smrutii04 <smrutibhuyan911@gmail.com>
Date:   Tue Oct 8 09:21:10 2024 +0530

1st release

commit eb1bd266bea3dc494058a2e0a7f8fca496458ee9 (HEAD -> main, tag: v1.0, origin/main)
Author: smrutii04 <smrutibhuyan911@gmail.com>
Date:   Tue Oct 8 09:00:27 2024 +0530

    1st commit

diff --git a/README.md b/README.md
new file mode 100644
index 0000000..53614e8
--- /dev/null
+++ b/README.md
@@ -0,0 +1 @@
+# git-course demo

Admin@smruti MINGW64 ~/git-course (main)
$ git diff

Admin@smruti MINGW64 ~/git-course (main)
$ git status
On branch main
Your branch is up to date with 'origin/main'.

nothing to commit, working tree clean

Admin@smruti MINGW64 ~/git-course (main)
$ git commit -a -m "committed"
On branch main
Your branch is up to date with 'origin/main'.

nothing to commit, working tree clean

Admin@smruti MINGW64 ~/git-course (main)
$ git push origin main
Everything up-to-date

Admin@smruti MINGW64 ~/git-course (main)
$ git push origin v1.0
Enumerating objects: 1, done.
Counting objects: 100% (1/1), done.
Writing objects: 100% (1/1), 163 bytes | 163.00 KiB/s, done.
Total 1 (delta 0), reused 0 (delta 0), pack-reused 0 (from 0)
To github.com:smrutii04/git-course.git
 * [new tag]         v1.0 -> v1.0

